[leticiamonteiro.online/down/index.html]
[backblue.gif]
[fade.gif]
[index.html]
[pay.hotmart.com/assets/js/hotmart.upsell_checkout.js]
[opintorconsultoria.com/wp-content/uploads/2021/01/garantia-7-dias.png]
[leticiamonteiro.online/wp-content/plugins/elementor/assets/js/webpack.runtime.min10cb.js]
[leticiamonteiro.online/wp-includes/js/jquery/jquery.minaf6c.js]
[leticiamonteiro.online/wp-includes/js/jquery/jquery-migrate.mind617.js]
[leticiamonteiro.online/wp-content/plugins/elementor/assets/js/frontend-modules.min10cb.js]
[leticiamonteiro.online/wp-content/plugins/elementor/assets/lib/waypoints/waypoints.min05da.js]
[leticiamonteiro.online/wp-includes/js/jquery/ui/core.min0028.js]
[leticiamonteiro.online/wp-content/plugins/elementor/assets/js/frontend.min10cb.js]
[leticiamonteiro.online/down/index.html]
[leticiamonteiro.online/wp-content/themes/twentytwentytwo/style4963.css]
[leticiamonteiro.online/wp-content/plugins/elementor/assets/lib/eicons/css/elementor-icons.mine900.css]
[leticiamonteiro.online/wp-content/plugins/elementor/assets/css/frontend-lite.min10cb.css]
[leticiamonteiro.online/wp-content/uploads/elementor/css/post-94892.css]
[leticiamonteiro.online/wp-content/uploads/elementor/css/global3f42.css]
[leticiamonteiro.online/wp-content/uploads/elementor/css/post-79f24f.css]
